

================================================================
== Synthesis Summary Report of 'AES_ECB_encrypt'
================================================================
+ General Information: 
    * Date:           Sun Jan 26 18:45:47 2025
    * Version:        2024.1 (Build 5069499 on May 21 2024)
    * Project:        AES_ECB_encrypt
    * Solution:       hls (Vivado IP Flow Target)
    * Product family: zynq
    * Target device:  xc7z020-clg484-1
    

+ Performance & Resource Estimates: 
    
    PS: '+' for module; 'o' for loop; '*' for dataflow
    +--------------------------------------------------------+------+------+---------+-----------+----------+---------+------+----------+--------+----+-------------+-------------+-----+
    |                         Modules                        | Issue|      | Latency |  Latency  | Iteration|         | Trip |          |        |    |             |             |     |
    |                         & Loops                        | Type | Slack| (cycles)|    (ns)   |  Latency | Interval| Count| Pipelined|  BRAM  | DSP|      FF     |     LUT     | URAM|
    +--------------------------------------------------------+------+------+---------+-----------+----------+---------+------+----------+--------+----+-------------+-------------+-----+
    |+ AES_ECB_encrypt                                       |     -|  0.61|      105|  1.050e+03|         -|      106|     -|        no|  8 (2%)|   -|  24180 (22%)|  41360 (77%)|    -|
    | + Cipher                                               |     -|  0.61|      104|  1.040e+03|         -|      104|     -|        no|  8 (2%)|   -|  24177 (22%)|  41346 (77%)|    -|
    |  + Cipher_Pipeline_VITIS_LOOP_240_1_VITIS_LOOP_242_2   |     -|  1.36|       20|    200.000|         -|       20|     -|        no|       -|   -|     37 (~0%)|    2316 (4%)|    -|
    |   o VITIS_LOOP_240_1_VITIS_LOOP_242_2                  |     -|  7.30|       18|    180.000|         4|        1|    16|       yes|       -|   -|            -|            -|    -|
    |  + Cipher_Pipeline_VITIS_LOOP_254_1_VITIS_LOOP_256_2   |     -|  0.61|       20|    200.000|         -|       20|     -|        no|       -|   -|     26 (~0%)|    137 (~0%)|    -|
    |   o VITIS_LOOP_254_1_VITIS_LOOP_256_2                  |     -|  7.30|       18|    180.000|         4|        1|    16|       yes|       -|   -|            -|            -|    -|
    |  + Cipher_Pipeline_VITIS_LOOP_424_1                    |     -|  0.88|       21|    210.000|         -|       21|     -|        no|       -|   -|  23921 (22%)|  35923 (67%)|    -|
    |   o VITIS_LOOP_424_1                                   |    II|  7.30|       19|    190.000|         4|        2|     9|       yes|       -|   -|            -|            -|    -|
    |  + Cipher_Pipeline_VITIS_LOOP_240_1_VITIS_LOOP_242_22  |     -|  1.36|       20|    200.000|         -|       20|     -|        no|       -|   -|     37 (~0%)|    2316 (4%)|    -|
    |   o VITIS_LOOP_240_1_VITIS_LOOP_242_2                  |     -|  7.30|       18|    180.000|         4|        1|    16|       yes|       -|   -|            -|            -|    -|
    +--------------------------------------------------------+------+------+---------+-----------+----------+---------+------+----------+--------+----+-------------+-------------+-----+


================================================================
== HW Interfaces
================================================================
* AP_MEMORY
+----------------+-----------+----------+
| Port           | Direction | Bitwidth |
+----------------+-----------+----------+
| buf_r_address0 | out       | 4        |
| buf_r_address1 | out       | 4        |
| buf_r_d0       | out       | 8        |
| buf_r_d1       | out       | 8        |
| buf_r_q0       | in        | 8        |
| buf_r_q1       | in        | 8        |
+----------------+-----------+----------+

* Other Ports
+------+---------+-----------+----------+
| Port | Mode    | Direction | Bitwidth |
+------+---------+-----------+----------+
| ctx  | ap_none | in        | 1536     |
+------+---------+-----------+----------+

* TOP LEVEL CONTROL
+-----------+------------+-----------------------------------+
| Interface | Type       | Ports                             |
+-----------+------------+-----------------------------------+
| ap_clk    | clock      | ap_clk                            |
| ap_rst    | reset      | ap_rst                            |
| ap_ctrl   | ap_ctrl_hs | ap_done ap_idle ap_ready ap_start |
+-----------+------------+-----------------------------------+


================================================================
== SW I/O Information
================================================================
* Top Function Arguments
+----------+-----------+-----------------+
| Argument | Direction | Datatype        |
+----------+-----------+-----------------+
| ctx      | in        | AES_ctx const * |
| buf      | inout     | unsigned char*  |
+----------+-----------+-----------------+

* SW-to-HW Mapping
+----------+----------------+---------+----------+
| Argument | HW Interface   | HW Type | HW Usage |
+----------+----------------+---------+----------+
| ctx      | ctx            | port    |          |
| buf      | buf_r_address0 | port    | offset   |
| buf      | buf_r_ce0      | port    |          |
| buf      | buf_r_we0      | port    |          |
| buf      | buf_r_d0       | port    |          |
| buf      | buf_r_q0       | port    |          |
| buf      | buf_r_address1 | port    | offset   |
| buf      | buf_r_ce1      | port    |          |
| buf      | buf_r_we1      | port    |          |
| buf      | buf_r_d1       | port    |          |
| buf      | buf_r_q1       | port    |          |
+----------+----------------+---------+----------+


================================================================
== Bind Op Report
================================================================
+--------------------------------------------------------+-----+--------+-----------------+--------+-----------+---------+
| Name                                                   | DSP | Pragma | Variable        | Op     | Impl      | Latency |
+--------------------------------------------------------+-----+--------+-----------------+--------+-----------+---------+
| + AES_ECB_encrypt                                      | 0   |        |                 |        |           |         |
|  + Cipher                                              | 0   |        |                 |        |           |         |
|   + Cipher_Pipeline_VITIS_LOOP_240_1_VITIS_LOOP_242_2  | 0   |        |                 |        |           |         |
|     icmp_ln240_fu_101_p2                               |     |        | icmp_ln240      | seteq  | auto      | 0       |
|     add_ln240_2_fu_107_p2                              |     |        | add_ln240_2     | add    | fabric    | 0       |
|     add_ln240_fu_124_p2                                |     |        | add_ln240       | add    | fabric    | 0       |
|     icmp_ln242_fu_130_p2                               |     |        | icmp_ln242      | seteq  | auto      | 0       |
|     select_ln239_fu_136_p3                             |     |        | select_ln239    | select | auto_sel  | 0       |
|     select_ln240_fu_144_p3                             |     |        | select_ln240    | select | auto_sel  | 0       |
|     add_ln244_fu_186_p2                                |     |        | add_ln244       | add    | fabric    | 0       |
|     lshr_ln244_fu_209_p2                               |     |        | lshr_ln244      | lshr   | auto_pipe | 0       |
|     xor_ln244_fu_218_p2                                |     |        | xor_ln244       | xor    | auto      | 0       |
|     add_ln242_fu_160_p2                                |     |        | add_ln242       | add    | fabric    | 0       |
|   + Cipher_Pipeline_VITIS_LOOP_254_1_VITIS_LOOP_256_2  | 0   |        |                 |        |           |         |
|     icmp_ln254_fu_105_p2                               |     |        | icmp_ln254      | seteq  | auto      | 0       |
|     add_ln254_1_fu_111_p2                              |     |        | add_ln254_1     | add    | fabric    | 0       |
|     add_ln254_fu_128_p2                                |     |        | add_ln254       | add    | fabric    | 0       |
|     icmp_ln256_fu_134_p2                               |     |        | icmp_ln256      | seteq  | auto      | 0       |
|     select_ln253_fu_140_p3                             |     |        | select_ln253    | select | auto_sel  | 0       |
|     select_ln254_fu_152_p3                             |     |        | select_ln254    | select | auto_sel  | 0       |
|     add_ln258_fu_172_p2                                |     |        | add_ln258       | add    | fabric    | 0       |
|     add_ln256_fu_183_p2                                |     |        | add_ln256       | add    | fabric    | 0       |
|   + Cipher_Pipeline_VITIS_LOOP_424_1                   | 0   |        |                 |        |           |         |
|     icmp_ln428_fu_697_p2                               |     |        | icmp_ln428      | seteq  | auto      | 0       |
|     Tm_fu_829_p2                                       |     |        | Tm              | xor    | auto      | 0       |
|     xor_ln307_1_fu_1031_p2                             |     |        | xor_ln307_1     | xor    | auto      | 0       |
|     Tmp_fu_1036_p2                                     |     |        | Tmp             | xor    | auto      | 0       |
|     Tm_1_fu_1047_p2                                    |     |        | Tm_1            | xor    | auto      | 0       |
|     Tm_2_fu_1058_p2                                    |     |        | Tm_2            | xor    | auto      | 0       |
|     Tm_3_fu_1070_p2                                    |     |        | Tm_3            | xor    | auto      | 0       |
|     Tm_4_fu_835_p2                                     |     |        | Tm_4            | xor    | auto      | 0       |
|     xor_ln307_3_fu_1081_p2                             |     |        | xor_ln307_3     | xor    | auto      | 0       |
|     Tmp_1_fu_1086_p2                                   |     |        | Tmp_1           | xor    | auto      | 0       |
|     Tm_5_fu_1097_p2                                    |     |        | Tm_5            | xor    | auto      | 0       |
|     Tm_6_fu_1108_p2                                    |     |        | Tm_6            | xor    | auto      | 0       |
|     Tm_7_fu_1120_p2                                    |     |        | Tm_7            | xor    | auto      | 0       |
|     Tm_8_fu_841_p2                                     |     |        | Tm_8            | xor    | auto      | 0       |
|     xor_ln307_5_fu_1131_p2                             |     |        | xor_ln307_5     | xor    | auto      | 0       |
|     Tmp_2_fu_1136_p2                                   |     |        | Tmp_2           | xor    | auto      | 0       |
|     Tm_9_fu_1147_p2                                    |     |        | Tm_9            | xor    | auto      | 0       |
|     Tm_10_fu_1158_p2                                   |     |        | Tm_10           | xor    | auto      | 0       |
|     Tm_11_fu_1170_p2                                   |     |        | Tm_11           | xor    | auto      | 0       |
|     Tm_12_fu_847_p2                                    |     |        | Tm_12           | xor    | auto      | 0       |
|     xor_ln307_7_fu_1181_p2                             |     |        | xor_ln307_7     | xor    | auto      | 0       |
|     Tmp_3_fu_1186_p2                                   |     |        | Tmp_3           | xor    | auto      | 0       |
|     Tm_13_fu_1197_p2                                   |     |        | Tm_13           | xor    | auto      | 0       |
|     Tm_14_fu_1208_p2                                   |     |        | Tm_14           | xor    | auto      | 0       |
|     Tm_15_fu_1220_p2                                   |     |        | Tm_15           | xor    | auto      | 0       |
|     lshr_ln244_fu_864_p2                               |     |        | lshr_ln244      | lshr   | auto_pipe | 0       |
|     select_ln244_fu_1241_p3                            |     |        | select_ln244    | select | auto_sel  | 0       |
|     xor_ln244_fu_1249_p2                               |     |        | xor_ln244       | xor    | auto      | 0       |
|     xor_ln244_1_fu_1254_p2                             |     |        | xor_ln244_1     | xor    | auto      | 0       |
|     xor_ln244_2_fu_1260_p2                             |     |        | xor_ln244_2     | xor    | auto      | 0       |
|     xor_ln244_3_fu_1266_p2                             |     |        | xor_ln244_3     | xor    | auto      | 0       |
|     lshr_ln244_1_fu_872_p2                             |     |        | lshr_ln244_1    | lshr   | auto_pipe | 0       |
|     select_ln244_1_fu_1283_p3                          |     |        | select_ln244_1  | select | auto_sel  | 0       |
|     xor_ln244_4_fu_1291_p2                             |     |        | xor_ln244_4     | xor    | auto      | 0       |
|     xor_ln244_5_fu_1296_p2                             |     |        | xor_ln244_5     | xor    | auto      | 0       |
|     xor_ln244_6_fu_1302_p2                             |     |        | xor_ln244_6     | xor    | auto      | 0       |
|     xor_ln244_7_fu_1308_p2                             |     |        | xor_ln244_7     | xor    | auto      | 0       |
|     add_ln244_fu_715_p2                                |     |        | add_ln244       | add    | fabric    | 0       |
|     lshr_ln244_2_fu_880_p2                             |     |        | lshr_ln244_2    | lshr   | auto_pipe | 0       |
|     select_ln244_2_fu_1325_p3                          |     |        | select_ln244_2  | select | auto_sel  | 0       |
|     xor_ln244_8_fu_1333_p2                             |     |        | xor_ln244_8     | xor    | auto      | 0       |
|     xor_ln244_9_fu_1339_p2                             |     |        | xor_ln244_9     | xor    | auto      | 0       |
|     xor_ln244_10_fu_1344_p2                            |     |        | xor_ln244_10    | xor    | auto      | 0       |
|     xor_ln244_11_fu_1350_p2                            |     |        | xor_ln244_11    | xor    | auto      | 0       |
|     lshr_ln244_3_fu_888_p2                             |     |        | lshr_ln244_3    | lshr   | auto_pipe | 0       |
|     select_ln244_3_fu_1367_p3                          |     |        | select_ln244_3  | select | auto_sel  | 0       |
|     xor_ln244_12_fu_1375_p2                            |     |        | xor_ln244_12    | xor    | auto      | 0       |
|     xor_ln244_13_fu_1381_p2                            |     |        | xor_ln244_13    | xor    | auto      | 0       |
|     xor_ln244_14_fu_1387_p2                            |     |        | xor_ln244_14    | xor    | auto      | 0       |
|     add_ln244_1_fu_733_p2                              |     |        | add_ln244_1     | add    | fabric    | 0       |
|     lshr_ln244_4_fu_896_p2                             |     |        | lshr_ln244_4    | lshr   | auto_pipe | 0       |
|     select_ln244_4_fu_1403_p3                          |     |        | select_ln244_4  | select | auto_sel  | 0       |
|     xor_ln244_15_fu_1411_p2                            |     |        | xor_ln244_15    | xor    | auto      | 0       |
|     xor_ln244_16_fu_1416_p2                            |     |        | xor_ln244_16    | xor    | auto      | 0       |
|     xor_ln244_17_fu_1422_p2                            |     |        | xor_ln244_17    | xor    | auto      | 0       |
|     xor_ln244_18_fu_1428_p2                            |     |        | xor_ln244_18    | xor    | auto      | 0       |
|     add_ln244_2_fu_739_p2                              |     |        | add_ln244_2     | add    | fabric    | 0       |
|     lshr_ln244_5_fu_904_p2                             |     |        | lshr_ln244_5    | lshr   | auto_pipe | 0       |
|     select_ln244_5_fu_1445_p3                          |     |        | select_ln244_5  | select | auto_sel  | 0       |
|     xor_ln244_19_fu_1453_p2                            |     |        | xor_ln244_19    | xor    | auto      | 0       |
|     xor_ln244_20_fu_1458_p2                            |     |        | xor_ln244_20    | xor    | auto      | 0       |
|     xor_ln244_21_fu_1464_p2                            |     |        | xor_ln244_21    | xor    | auto      | 0       |
|     xor_ln244_22_fu_1470_p2                            |     |        | xor_ln244_22    | xor    | auto      | 0       |
|     add_ln244_3_fu_745_p2                              |     |        | add_ln244_3     | add    | fabric    | 0       |
|     lshr_ln244_6_fu_912_p2                             |     |        | lshr_ln244_6    | lshr   | auto_pipe | 0       |
|     select_ln244_6_fu_1487_p3                          |     |        | select_ln244_6  | select | auto_sel  | 0       |
|     xor_ln244_23_fu_1495_p2                            |     |        | xor_ln244_23    | xor    | auto      | 0       |
|     xor_ln244_24_fu_1501_p2                            |     |        | xor_ln244_24    | xor    | auto      | 0       |
|     xor_ln244_25_fu_1506_p2                            |     |        | xor_ln244_25    | xor    | auto      | 0       |
|     xor_ln244_26_fu_1512_p2                            |     |        | xor_ln244_26    | xor    | auto      | 0       |
|     lshr_ln244_7_fu_920_p2                             |     |        | lshr_ln244_7    | lshr   | auto_pipe | 0       |
|     select_ln244_7_fu_1529_p3                          |     |        | select_ln244_7  | select | auto_sel  | 0       |
|     xor_ln244_27_fu_1537_p2                            |     |        | xor_ln244_27    | xor    | auto      | 0       |
|     xor_ln244_28_fu_1543_p2                            |     |        | xor_ln244_28    | xor    | auto      | 0       |
|     xor_ln244_29_fu_1549_p2                            |     |        | xor_ln244_29    | xor    | auto      | 0       |
|     add_ln244_4_fu_763_p2                              |     |        | add_ln244_4     | add    | fabric    | 0       |
|     lshr_ln244_8_fu_928_p2                             |     |        | lshr_ln244_8    | lshr   | auto_pipe | 0       |
|     select_ln244_8_fu_1565_p3                          |     |        | select_ln244_8  | select | auto_sel  | 0       |
|     xor_ln244_30_fu_1573_p2                            |     |        | xor_ln244_30    | xor    | auto      | 0       |
|     xor_ln244_31_fu_1578_p2                            |     |        | xor_ln244_31    | xor    | auto      | 0       |
|     xor_ln244_32_fu_1584_p2                            |     |        | xor_ln244_32    | xor    | auto      | 0       |
|     xor_ln244_33_fu_1590_p2                            |     |        | xor_ln244_33    | xor    | auto      | 0       |
|     add_ln244_5_fu_769_p2                              |     |        | add_ln244_5     | add    | fabric    | 0       |
|     lshr_ln244_9_fu_936_p2                             |     |        | lshr_ln244_9    | lshr   | auto_pipe | 0       |
|     select_ln244_9_fu_1607_p3                          |     |        | select_ln244_9  | select | auto_sel  | 0       |
|     xor_ln244_34_fu_1615_p2                            |     |        | xor_ln244_34    | xor    | auto      | 0       |
|     xor_ln244_35_fu_1620_p2                            |     |        | xor_ln244_35    | xor    | auto      | 0       |
|     xor_ln244_36_fu_1626_p2                            |     |        | xor_ln244_36    | xor    | auto      | 0       |
|     xor_ln244_37_fu_1632_p2                            |     |        | xor_ln244_37    | xor    | auto      | 0       |
|     add_ln244_6_fu_775_p2                              |     |        | add_ln244_6     | add    | fabric    | 0       |
|     lshr_ln244_10_fu_944_p2                            |     |        | lshr_ln244_10   | lshr   | auto_pipe | 0       |
|     select_ln244_10_fu_1649_p3                         |     |        | select_ln244_10 | select | auto_sel  | 0       |
|     xor_ln244_38_fu_1657_p2                            |     |        | xor_ln244_38    | xor    | auto      | 0       |
|     xor_ln244_39_fu_1663_p2                            |     |        | xor_ln244_39    | xor    | auto      | 0       |
|     xor_ln244_40_fu_1668_p2                            |     |        | xor_ln244_40    | xor    | auto      | 0       |
|     xor_ln244_41_fu_1674_p2                            |     |        | xor_ln244_41    | xor    | auto      | 0       |
|     add_ln244_7_fu_781_p2                              |     |        | add_ln244_7     | add    | fabric    | 0       |
|     lshr_ln244_11_fu_952_p2                            |     |        | lshr_ln244_11   | lshr   | auto_pipe | 0       |
|     select_ln244_11_fu_1691_p3                         |     |        | select_ln244_11 | select | auto_sel  | 0       |
|     xor_ln244_42_fu_1699_p2                            |     |        | xor_ln244_42    | xor    | auto      | 0       |
|     xor_ln244_43_fu_1705_p2                            |     |        | xor_ln244_43    | xor    | auto      | 0       |
|     xor_ln244_44_fu_1711_p2                            |     |        | xor_ln244_44    | xor    | auto      | 0       |
|     add_ln244_8_fu_787_p2                              |     |        | add_ln244_8     | add    | fabric    | 0       |
|     lshr_ln244_12_fu_960_p2                            |     |        | lshr_ln244_12   | lshr   | auto_pipe | 0       |
|     select_ln244_12_fu_1727_p3                         |     |        | select_ln244_12 | select | auto_sel  | 0       |
|     xor_ln244_45_fu_1735_p2                            |     |        | xor_ln244_45    | xor    | auto      | 0       |
|     xor_ln244_46_fu_1740_p2                            |     |        | xor_ln244_46    | xor    | auto      | 0       |
|     xor_ln244_47_fu_1746_p2                            |     |        | xor_ln244_47    | xor    | auto      | 0       |
|     xor_ln244_48_fu_1752_p2                            |     |        | xor_ln244_48    | xor    | auto      | 0       |
|     add_ln244_9_fu_793_p2                              |     |        | add_ln244_9     | add    | fabric    | 0       |
|     lshr_ln244_13_fu_968_p2                            |     |        | lshr_ln244_13   | lshr   | auto_pipe | 0       |
|     select_ln244_13_fu_1769_p3                         |     |        | select_ln244_13 | select | auto_sel  | 0       |
|     xor_ln244_49_fu_1777_p2                            |     |        | xor_ln244_49    | xor    | auto      | 0       |
|     xor_ln244_50_fu_1782_p2                            |     |        | xor_ln244_50    | xor    | auto      | 0       |
|     xor_ln244_51_fu_1788_p2                            |     |        | xor_ln244_51    | xor    | auto      | 0       |
|     xor_ln244_52_fu_1794_p2                            |     |        | xor_ln244_52    | xor    | auto      | 0       |
|     add_ln244_10_fu_799_p2                             |     |        | add_ln244_10    | add    | fabric    | 0       |
|     lshr_ln244_14_fu_976_p2                            |     |        | lshr_ln244_14   | lshr   | auto_pipe | 0       |
|     select_ln244_14_fu_1811_p3                         |     |        | select_ln244_14 | select | auto_sel  | 0       |
|     xor_ln244_53_fu_1819_p2                            |     |        | xor_ln244_53    | xor    | auto      | 0       |
|     xor_ln244_54_fu_1825_p2                            |     |        | xor_ln244_54    | xor    | auto      | 0       |
|     xor_ln244_55_fu_1830_p2                            |     |        | xor_ln244_55    | xor    | auto      | 0       |
|     xor_ln244_56_fu_1836_p2                            |     |        | xor_ln244_56    | xor    | auto      | 0       |
|     lshr_ln244_15_fu_992_p2                            |     |        | lshr_ln244_15   | lshr   | auto_pipe | 0       |
|     select_ln244_15_fu_1853_p3                         |     |        | select_ln244_15 | select | auto_sel  | 0       |
|     xor_ln244_57_fu_1861_p2                            |     |        | xor_ln244_57    | xor    | auto      | 0       |
|     xor_ln244_58_fu_1867_p2                            |     |        | xor_ln244_58    | xor    | auto      | 0       |
|     xor_ln244_59_fu_1873_p2                            |     |        | xor_ln244_59    | xor    | auto      | 0       |
|     add_ln424_fu_997_p2                                |     |        | add_ln424       | add    | fabric    | 0       |
|   + Cipher_Pipeline_VITIS_LOOP_240_1_VITIS_LOOP_242_22 | 0   |        |                 |        |           |         |
|     icmp_ln240_fu_103_p2                               |     |        | icmp_ln240      | seteq  | auto      | 0       |
|     add_ln240_fu_109_p2                                |     |        | add_ln240       | add    | fabric    | 0       |
|     add_ln240_1_fu_126_p2                              |     |        | add_ln240_1     | add    | fabric    | 0       |
|     icmp_ln242_fu_132_p2                               |     |        | icmp_ln242      | seteq  | auto      | 0       |
|     select_ln239_fu_138_p3                             |     |        | select_ln239    | select | auto_sel  | 0       |
|     select_ln240_fu_146_p3                             |     |        | select_ln240    | select | auto_sel  | 0       |
|     add_ln244_fu_188_p2                                |     |        | add_ln244       | add    | fabric    | 0       |
|     lshr_ln244_fu_223_p2                               |     |        | lshr_ln244      | lshr   | auto_pipe | 0       |
|     xor_ln244_fu_232_p2                                |     |        | xor_ln244       | xor    | auto      | 0       |
|     add_ln242_fu_162_p2                                |     |        | add_ln242       | add    | fabric    | 0       |
+--------------------------------------------------------+-----+--------+-----------------+--------+-----------+---------+


================================================================
== Storage Report
================================================================
+-------------------+--------+------+------+------+--------+----------+------+---------+------------------+
| Name              | Usage  | Type | BRAM | URAM | Pragma | Variable | Impl | Latency | Bitwidth, Depth, |
|                   |        |      |      |      |        |          |      |         | Banks            |
+-------------------+--------+------+------+------+--------+----------+------+---------+------------------+
| + AES_ECB_encrypt |        |      | 8    | 0    |        |          |      |         |                  |
|  + Cipher         |        |      | 8    | 0    |        |          |      |         |                  |
|    sbox_U         | rom_np |      | 8    |      |        | sbox     | auto | 1       | 8, 256, 1        |
+-------------------+--------+------+------+------+--------+----------+------+---------+------------------+


================================================================
== Pragma Report
================================================================
  No pragmas found

